2026-09-22 00:36:38,465 - INFO - Page 1 collected successfully
2026-09-22 00:36:40,227 - INFO - Page 2 collected successfully
2026-09-22 00:36:41,170 - INFO - Page 3 collected successfully
2026-09-22 00:36:43,208 - INFO - Page 4 collected successfully
2026-09-22 00:36:44,355 - INFO - Page 5 collected successfully
2026-09-22 00:36:45,312 - INFO - Page 6 collected successfully
2026-09-22 00:36:46,266 - INFO - Page 7 collected successfully
2026-09-22 00:36:47,984 - INFO - Page 8 collected successfully
2026-09-22 00:36:48,867 - INFO - Page 9 collected successfully
2026-09-22 00:36:48,881 - INFO - Total URLs: 251
2026-09-22 00:36:48,965 - INFO - URLs saved to product_urls.csv
2026-09-22 12:16:29,583 - INFO - Page 1 collected successfully
2026-09-22 12:16:31,611 - INFO - Page 2 collected successfully
2026-09-22 12:16:32,559 - INFO - Page 3 collected successfully
2026-09-22 12:16:34,282 - INFO - Page 4 collected successfully
2026-09-22 12:16:35,169 - INFO - Page 5 collected successfully
2026-09-22 12:16:36,085 - INFO - Page 6 collected successfully
2026-09-22 12:16:37,307 - INFO - Page 7 collected successfully
2026-09-22 12:16:39,302 - INFO - Page 8 collected successfully
2026-09-22 12:16:40,707 - INFO - Page 9 collected successfully
2026-09-22 12:16:40,707 - INFO - Total URLs: 251
2026-09-22 12:16:40,770 - INFO - URLs saved to product_urls.csv
2026-09-22 12:18:24,211 - INFO - Page 1 collected successfully
2026-09-22 12:18:24,862 - INFO - Page 2 collected successfully
2026-09-22 12:18:25,462 - INFO - Page 3 collected successfully
2026-09-22 12:18:26,036 - INFO - Page 4 collected successfully
2026-09-22 12:18:26,819 - INFO - Page 5 collected successfully
2026-09-22 12:18:27,431 - INFO - Page 6 collected successfully
2026-09-22 12:18:28,043 - INFO - Page 7 collected successfully
2026-09-22 12:18:28,639 - INFO - Page 8 collected successfully
2026-09-22 12:18:29,308 - INFO - Page 9 collected successfully
2026-09-22 12:18:29,324 - INFO - Total URLs: 251
2026-09-22 12:18:29,340 - INFO - URLs saved to product_urls.csv
2026-09-22 12:20:44,472 - INFO - Page 1 collected successfully
2026-09-22 12:20:45,189 - INFO - Page 2 collected successfully
2026-09-22 12:20:45,878 - INFO - Page 3 collected successfully
2026-09-22 12:20:46,539 - INFO - Page 4 collected successfully
2026-09-22 12:20:47,220 - INFO - Page 5 collected successfully
2026-09-22 12:20:47,867 - INFO - Page 6 collected successfully
2026-09-22 12:20:48,514 - INFO - Page 7 collected successfully
2026-09-22 12:20:49,168 - INFO - Page 8 collected successfully
2026-09-22 12:20:49,940 - INFO - Page 9 collected successfully
2026-09-22 12:20:49,948 - INFO - Total URLs: 251
2026-09-22 12:20:49,957 - INFO - URLs saved to product_urls.csv
2026-09-22 14:36:13,488 - INFO - Page 1 collected successfully
2026-09-22 14:47:53,248 - INFO - Page 1 collected successfully
2026-09-22 14:47:55,282 - INFO - Page 2 collected successfully
2026-09-22 14:47:57,284 - INFO - Page 3 collected successfully
2026-09-22 14:47:58,269 - INFO - Page 4 collected successfully
2026-09-22 14:48:00,046 - INFO - Page 5 collected successfully
2026-09-22 14:48:01,085 - INFO - Page 6 collected successfully
2026-09-22 14:48:02,095 - INFO - Page 7 collected successfully
2026-09-22 14:48:04,102 - INFO - Page 8 collected successfully
2026-09-22 14:48:05,066 - INFO - Page 9 collected successfully
2026-09-22 14:48:05,074 - INFO - Total products collected: 251
2026-09-22 14:48:05,135 - INFO - Total variant URLs collected: 1399
2026-09-22 14:48:17,822 - INFO - Page 1 collected successfully
2026-09-22 14:48:18,524 - INFO - Page 2 collected successfully
2026-09-22 14:48:19,091 - INFO - Page 3 collected successfully
2026-09-22 14:48:19,706 - INFO - Page 4 collected successfully
2026-09-22 14:48:20,306 - INFO - Page 5 collected successfully
2026-09-22 14:48:21,005 - INFO - Page 6 collected successfully
2026-09-22 14:48:21,649 - INFO - Page 7 collected successfully
2026-09-22 14:48:22,526 - INFO - Page 8 collected successfully
2026-09-22 14:48:23,133 - INFO - Page 9 collected successfully
2026-09-22 14:48:23,179 - INFO - Total products collected: 251
2026-09-22 14:48:23,211 - INFO - Total variant URLs collected: 1399
2026-09-22 14:48:23,242 - INFO - URLs saved to product_urls.csv
2026-09-22 15:01:15,846 - INFO - Page 1 collected successfully
2026-09-22 15:01:18,010 - INFO - Page 2 collected successfully
2026-09-22 15:01:20,025 - INFO - Page 3 collected successfully
2026-09-22 15:01:22,067 - INFO - Page 4 collected successfully
2026-09-22 15:01:23,021 - INFO - Page 5 collected successfully
2026-09-22 15:01:24,055 - INFO - Page 6 collected successfully
2026-09-22 15:01:25,048 - INFO - Page 7 collected successfully
2026-09-22 15:01:27,124 - INFO - Page 8 collected successfully
2026-09-22 15:01:28,643 - INFO - Page 9 collected successfully
2026-09-22 15:01:28,650 - INFO - Total products collected: 251
2026-09-22 15:01:28,696 - INFO - Total variant URLs collected: 1399
2026-09-22 15:01:39,730 - INFO - Page 1 collected successfully
2026-09-22 15:01:40,388 - INFO - Page 2 collected successfully
2026-09-22 15:01:41,051 - INFO - Page 3 collected successfully
2026-09-22 15:01:41,633 - INFO - Page 4 collected successfully
2026-09-22 15:01:42,361 - INFO - Page 5 collected successfully
2026-09-22 15:01:42,956 - INFO - Page 6 collected successfully
2026-09-22 15:01:43,598 - INFO - Page 7 collected successfully
2026-09-22 15:01:44,181 - INFO - Page 8 collected successfully
2026-09-22 15:01:44,833 - INFO - Page 9 collected successfully
2026-09-22 15:01:44,849 - INFO - Total products collected: 251
2026-09-22 15:01:44,882 - INFO - Total variant URLs collected: 1399
2026-09-22 15:01:44,900 - INFO - URLs saved to product_urls.csv
